---
source: coalesced_derive/src/construction.rs
assertion_line: 70
expression: formatted
---
pub trait CoalesceExt: Sized + Semigroup {
    fn concatenated(self, other: Self) -> Self {
        ::coalesced::Semigroup::semigroup_op(self, other)
    }
}
#[automatically_derived]
impl<T: IntoIterator + FromIterator<T::Item>> CoalesceExt for Concatenated<T> {}
#[automatically_derived]
impl<T: IntoIterator + FromIterator<T::Item>> CoalesceExt
for ::coalesced::Reversed<Concatenated<T>> {}
#[automatically_derived]
impl<
    T: IntoIterator + FromIterator<T::Item>,
    X: IntoIterator + FromIterator<X::Item>,
> CoalesceExt for ::coalesced::Annotated<Concatenated<T>, X>
where
    X::Item: Clone,
{}
#[automatically_derived]
impl<
    T: IntoIterator + FromIterator<T::Item>,
    X: IntoIterator + FromIterator<X::Item>,
> CoalesceExt for ::coalesced::Reversed<::coalesced::Annotated<Concatenated<T>, X>>
where
    X::Item: Clone,
{}
#[automatically_derived]
impl<T: IntoIterator + FromIterator<T::Item>> ::coalesced::Semigroup
for Concatenated<T> {
    fn semigroup_op(base: Self, other: Self) -> Self {
        Self::default_semigroup_op(base, other, vec![(); 0], vec![(); 0])
    }
}
#[automatically_derived]
impl<
    T: IntoIterator + FromIterator<T::Item>,
    X: IntoIterator + FromIterator<X::Item>,
> ::coalesced::Annotate<X> for Concatenated<T>
where
    X::Item: Clone,
{
    type Annotation = X;
    fn annotated(self, annotation: Self::Annotation) -> ::coalesced::Annotated<Self, X> {
        ::coalesced::Annotated::new(self, annotation)
    }
}
#[automatically_derived]
impl<T: IntoIterator + FromIterator<T::Item>> From<T> for Concatenated<T> {
    fn from(value: T) -> Self {
        Concatenated(value)
    }
}
#[automatically_derived]
impl<T: IntoIterator + FromIterator<T::Item>> std::ops::Deref for Concatenated<T> {
    type Target = T;
    fn deref(&self) -> &Self::Target {
        &self.0
    }
}
#[automatically_derived]
impl<T: IntoIterator + FromIterator<T::Item>> std::ops::DerefMut for Concatenated<T> {
    fn deref_mut(&mut self) -> &mut Self::Target {
        &mut self.0
    }
}
#[automatically_derived]
impl<T: IntoIterator + FromIterator<T::Item>> ::coalesced::op::Construction<T>
for Concatenated<T> {
    fn into_inner(self) -> T {
        self.0
    }
}
#[automatically_derived]
impl<
    T: IntoIterator + FromIterator<T::Item>,
    X: IntoIterator + FromIterator<X::Item>,
> ::coalesced::op::ConstructionAnnotated<T, X> for Concatenated<T>
where
    X::Item: Clone,
{}
