---
source: semigroup_derive/src/construction.rs
assertion_line: 70
expression: formatted
---
pub trait ConcatExt: Sized + Semigroup {
    fn concat(self, other: Self) -> Self {
        ::semigroup::Semigroup::semigroup_op(self, other)
    }
}
#[automatically_derived]
impl<T: IntoIterator + FromIterator<T::Item>> ConcatExt for Concat<T> {}
#[automatically_derived]
impl<T: IntoIterator + FromIterator<T::Item>> ConcatExt
for ::semigroup::Reverse<Concat<T>> {}
#[automatically_derived]
impl<
    T: IntoIterator + FromIterator<T::Item>,
    X: IntoIterator + FromIterator<X::Item>,
> ConcatExt for ::semigroup::Annotated<Concat<T>, X>
where
    X::Item: Clone,
{}
#[automatically_derived]
impl<
    T: IntoIterator + FromIterator<T::Item>,
    X: IntoIterator + FromIterator<X::Item>,
> ConcatExt for ::semigroup::Reverse<::semigroup::Annotated<Concat<T>, X>>
where
    X::Item: Clone,
{}
#[automatically_derived]
impl<T: IntoIterator + FromIterator<T::Item>> ::semigroup::Semigroup for Concat<T> {
    fn semigroup_op(base: Self, other: Self) -> Self {
        ::semigroup::Annotated::lift_unit_annotated_op(
            (base, vec![(); 0]),
            (other, vec![(); 0]),
        )
    }
}
#[automatically_derived]
impl<
    T: IntoIterator + FromIterator<T::Item>,
    X: IntoIterator + FromIterator<X::Item>,
> ::semigroup::Annotate<X> for Concat<T>
where
    X::Item: Clone,
{
    type Annotation = X;
    fn annotated(self, annotation: Self::Annotation) -> ::semigroup::Annotated<Self, X> {
        ::semigroup::Annotated::new(self, annotation)
    }
}
#[automatically_derived]
impl<T: IntoIterator + FromIterator<T::Item>> From<T> for Concat<T> {
    fn from(value: T) -> Self {
        Concat(value)
    }
}
#[automatically_derived]
impl<T: IntoIterator + FromIterator<T::Item>> std::ops::Deref for Concat<T> {
    type Target = T;
    fn deref(&self) -> &Self::Target {
        &self.0
    }
}
#[automatically_derived]
impl<T: IntoIterator + FromIterator<T::Item>> std::ops::DerefMut for Concat<T> {
    fn deref_mut(&mut self) -> &mut Self::Target {
        &mut self.0
    }
}
#[automatically_derived]
impl<T: IntoIterator + FromIterator<T::Item>> ::semigroup::op::Construction<T>
for Concat<T> {
    fn into_inner(self) -> T {
        self.0
    }
}
#[automatically_derived]
impl<
    T: IntoIterator + FromIterator<T::Item>,
    X: IntoIterator + FromIterator<X::Item>,
> ::semigroup::op::ConstructionAnnotated<T, X> for Concat<T>
where
    X::Item: Clone,
{}
