---
source: semigroup_derive/src/semigroup.rs
assertion_line: 100
expression: formatted
---
#[automatically_derived]
impl<T: std::ops::Add> crate::Semigroup for UnnamedStruct<T> {
    fn op_assign(&mut self, other: Self) {
        <semigroup::op::Added<_> as crate::Op<_>>::lift_op_assign(&mut self.0, other.0);
        <semigroup::op::Overwrite<
            _,
        > as crate::Op<_>>::lift_op_assign(&mut self.1, other.1);
    }
}
