---
source: semigroup_derive/src/semigroup.rs
assertion_line: 100
expression: formatted
---
#[automatically_derived]
impl ::semigroup::Semigroup for NamedStruct
where
    Option<u32>: ::semigroup::Semigroup,
    semigroup::op::Overwrite<bool>: ::semigroup::Semigroup,
{
    fn op_assign(&mut self, other: Self) {
        <semigroup::op::Overwrite<
            _,
        > as ::semigroup::Op<_>>::lift_op_assign(&mut self.foo, other.foo);
        self.bar.op_assign(other.bar);
        self.baz.op_assign(other.baz);
    }
}
#[derive(Debug, Clone, Copy, PartialEq, Eq, PartialOrd, Ord, Default, Hash)]
pub struct NamedStructAnnotation<A> {
    foo: A,
    bar: A,
    baz: A,
}
#[automatically_derived]
impl<A: Clone> ::semigroup::AnnotatedSemigroup<NamedStructAnnotation<A>> for NamedStruct
where
    Option<u32>: ::semigroup::AnnotatedSemigroup<NamedStructAnnotation<A>>,
    semigroup::op::Overwrite<
        bool,
    >: ::semigroup::AnnotatedSemigroup<NamedStructAnnotation<A>>,
{
    fn annotated_op_assign(
        mut base: ::semigroup::Annotated<&mut Self, &mut NamedStructAnnotation<A>>,
        other: ::semigroup::Annotated<Self, NamedStructAnnotation<A>>,
    ) {
        let (base_value, base_annotation) = base.into_parts();
        let (other_value, other_annotation) = other.into_parts();
        <semigroup::op::Overwrite<
            _,
        > as ::semigroup::AnnotatedOp<
            _,
            _,
        >>::lift_annotated_op_assign(
            ::semigroup::Annotated::new(&mut base_value.foo, &mut base_annotation.foo),
            ::semigroup::Annotated::new(other_value.foo, other_annotation.foo),
        );
        ::semigroup::AnnotatedSemigroup::annotated_op_assign(
            ::semigroup::Annotated::new(&mut base_value.bar, &mut base_annotation.bar),
            ::semigroup::Annotated::new(other_value.bar, other_annotation.bar),
        );
        ::semigroup::AnnotatedSemigroup::annotated_op_assign(
            ::semigroup::Annotated::new(&mut base_value.baz, &mut base_annotation.baz),
            ::semigroup::Annotated::new(other_value.baz, other_annotation.baz),
        );
    }
}
#[automatically_derived]
impl<A: Clone> ::semigroup::Annotate<NamedStructAnnotation<A>> for NamedStruct {
    type Annotation = A;
    fn annotated(
        self,
        annotation: Self::Annotation,
    ) -> ::semigroup::Annotated<Self, NamedStructAnnotation<A>> {
        ::semigroup::Annotated::new(
            self,
            NamedStructAnnotation {
                foo: annotation.clone(),
                bar: annotation.clone(),
                baz: annotation.clone(),
            },
        )
    }
}
