---
source: semigroup_derive/src/semigroup.rs
assertion_line: 89
expression: formatted
---
#[automatically_derived]
impl ::semigroup::Semigroup for MonoidStruct {
    fn op(base: Self, other: Self) -> Self {
        use ::semigroup::Construction;
        Self {
            sum: semigroup::op::Sum::lift_op(base.sum, other.sum),
        }
    }
}
#[automatically_derived]
impl ::semigroup::Monoid for MonoidStruct {
    fn identity() -> Self {
        use ::semigroup::ConstructionMonoid;
        Self {
            sum: semigroup::op::Sum::lift_identity(),
        }
    }
}
#[automatically_derived]
impl ::semigroup::Commutative for MonoidStruct {}
