---
source: semigroup_derive/src/semigroup.rs
assertion_line: 101
expression: formatted
---
#[automatically_derived]
impl<T, U> crate::Semigroup for UnnamedStruct<T, U>
where
    T: crate::Semigroup,
    Vec<U>: crate::Semigroup,
{
    fn op_assign(base: &mut Self, other: Self) {
        use crate::SemigroupOp;
        crate::Semigroup::op_assign(&mut base.0, other.0);
        crate::Semigroup::op_assign(&mut base.1, other.1);
    }
}
