---
source: semigroup_derive/src/semigroup.rs
expression: formatted
---
#[automatically_derived]
impl ::semigroup::Semigroup for NamedStruct {
    fn op_assign(base: &mut Self, other: Self) {
        use ::semigroup::SemigroupOp;
        semigroup::op::Last::lift_op_assign(&mut base.foo, other.foo);
        semigroup::op::Coalesce::lift_op_assign(&mut base.bar, other.bar);
    }
}
#[derive(Debug, Clone, PartialEq)]
pub struct NamedStructAnnotated<A> {
    pub foo: ::semigroup::Annotated<String, A>,
    pub bar: ::semigroup::Annotated<Option<u32>, A>,
}
#[automatically_derived]
impl<A: Clone> ::semigroup::Semigroup for NamedStructAnnotated<A> {
    fn op_assign(base: &mut Self, other: Self) {
        use ::semigroup::IdempotentOp;
        use ::semigroup::SemigroupOp;
        {
            let __selected_foo = semigroup::op::Last::lift_select(
                base.foo.value(),
                other.foo.value(),
            );
            let (__other_foo_val, __other_foo_ann) = other.foo.into_parts();
            semigroup::op::Last::lift_op_assign(base.foo.value_mut(), __other_foo_val);
            if let ::semigroup::Selected::Other = __selected_foo {
                *base.foo.annotation_mut() = __other_foo_ann;
            }
        }
        {
            let __selected_bar = semigroup::op::Coalesce::lift_select(
                base.bar.value(),
                other.bar.value(),
            );
            let (__other_bar_val, __other_bar_ann) = other.bar.into_parts();
            semigroup::op::Coalesce::lift_op_assign(
                base.bar.value_mut(),
                __other_bar_val,
            );
            if let ::semigroup::Selected::Other = __selected_bar {
                *base.bar.annotation_mut() = __other_bar_ann;
            }
        }
    }
}
#[automatically_derived]
impl<A: Clone> ::semigroup::AnnotateFields<A> for NamedStruct {
    type Annotated = NamedStructAnnotated<A>;
    fn annotated(self, annotation: A) -> Self::Annotated {
        NamedStructAnnotated {
            foo: ::semigroup::Annotated::new(self.foo, annotation.clone()),
            bar: ::semigroup::Annotated::new(self.bar, annotation.clone()),
        }
    }
}
#[automatically_derived]
impl<A> From<NamedStructAnnotated<A>> for NamedStruct {
    fn from(annotated: NamedStructAnnotated<A>) -> Self {
        Self {
            foo: annotated.foo.into_value(),
            bar: annotated.bar.into_value(),
        }
    }
}
